51.222.253.4 - - [25/Oct/2024:04:39:06 +0000] "GET /articles/2023/10/16/vmfs-recovery-basics-methodology-and-possible-approaches HTTP/2.0" 200 3971 "-" "Mozilla/5.0 (compatible; AhrefsBot/7.0; +http://ahrefs.com/robot/)"
51.222.253.9 - - [25/Oct/2024:04:39:07 +0000] "GET /css/stylesheet.css HTTP/2.0" 200 4076 "-" "Mozilla/5.0 (compatible; AhrefsBot/7.0; +http://ahrefs.com/robot/)"
114.156.144.222 - - [25/Oct/2024:04:44:15 +0000] "GET /tutorials HTTP/2.0" 200 4627 "https://vmfsrecover.com/faq" "Mozilla/5.0 (Windows NT 10.0; Win64; x64) AppleWebKit/537.36 (KHTML, like Gecko) Chrome/129.0.0.0 Safari/537.36"
114.156.144.222 - - [25/Oct/2024:04:44:21 +0000] "GET /tutorials/opening-a-disk HTTP/2.0" 200 3386 "https://vmfsrecover.com/tutorials" "Mozilla/5.0 (Windows NT 10.0; Win64; x64) AppleWebKit/537.36 (KHTML, like Gecko) Chrome/129.0.0.0 Safari/537.36"
114.156.144.222 - - [25/Oct/2024:04:44:25 +0000] "GET /tutorials HTTP/2.0" 200 4239 "https://vmfsrecover.com/faq" "Mozilla/5.0 (Windows NT 10.0; Win64; x64) AppleWebKit/537.36 (KHTML, like Gecko) Chrome/129.0.0.0 Safari/537.36"
114.156.144.222 - - [25/Oct/2024:04:44:31 +0000] "GET /tutorials/opening-a-disk HTTP/2.0" 200 3386 "https://vmfsrecover.com/tutorials" "Mozilla/5.0 (Windows NT 10.0; Win64; x64) AppleWebKit/537.36 (KHTML, like Gecko) Chrome/129.0.0.0 Safari/537.36"
74.125.208.1 - - [25/Oct/2024:04:45:48 +0000] "GET /.well-known/traffic-advice HTTP/1.1" 404 5651 "-" "Chrome Privacy Preserving Prefetch Proxy"
72.14.201.98 - - [25/Oct/2024:04:45:48 +0000] "GET /tutorials/how-to-connect-to-esx-server-using-ssh-sftp HTTP/2.0" 200 5148 "https://www.google.com/" "Mozilla/5.0 (X11; Linux x86_64) AppleWebKit/537.36 (KHTML, like Gecko) Chrome/130.0.0.0 Safari/537.36"
213.161.10.12 - - [25/Oct/2024:04:45:51 +0000] "GET /js/iepngfix_tilebg.js HTTP/2.0" 200 2184 "https://vmfsrecover.com/tutorials/how-to-connect-to-esx-server-using-ssh-sftp" "Mozilla/5.0 (X11; Linux x86_64) AppleWebKit/537.36 (KHTML, like Gecko) Chrome/130.0.0.0 Safari/537.36"
213.161.10.12 - - [25/Oct/2024:04:45:51 +0000] "GET /images/ESX_server.png HTTP/2.0" 200 4830 "https://vmfsrecover.com/tutorials/how-to-connect-to-esx-server-using-ssh-sftp" "Mozilla/5.0 (X11; Linux x86_64) AppleWebKit/537.36 (KHTML, like Gecko) Chrome/130.0.0.0 Safari/537.36"
213.161.10.12 - - [25/Oct/2024:04:45:51 +0000] "GET /images/ESX_server_login.png HTTP/2.0" 200 6701 "https://vmfsrecover.com/tutorials/how-to-connect-to-esx-server-using-ssh-sftp" "Mozilla/5.0 (X11; Linux x86_64) AppleWebKit/537.36 (KHTML, like Gecko) Chrome/130.0.0.0 Safari/537.36"
213.161.10.12 - - [25/Oct/2024:04:45:51 +0000] "GET /css/stylesheet.css HTTP/2.0" 200 3764 "https://vmfsrecover.com/tutorials/how-to-connect-to-esx-server-using-ssh-sftp" "Mozilla/5.0 (X11; Linux x86_64) AppleWebKit/537.36 (KHTML, like Gecko) Chrome/130.0.0.0 Safari/537.36"
213.161.10.12 - - [25/Oct/2024:04:45:51 +0000] "GET /images/ESX_server_troubleshooting.png HTTP/2.0" 200 6877 "https://vmfsrecover.com/tutorials/how-to-connect-to-esx-server-using-ssh-sftp" "Mozilla/5.0 (X11; Linux x86_64) AppleWebKit/537.36 (KHTML, like Gecko) Chrome/130.0.0.0 Safari/537.36"
213.161.10.12 - - [25/Oct/2024:04:45:52 +0000] "GET /images/ESX_server_troubleshooting_SSH.png HTTP/2.0" 200 5567 "https://vmfsrecover.com/tutorials/how-to-connect-to-esx-server-using-ssh-sftp" "Mozilla/5.0 (X11; Linux x86_64) AppleWebKit/537.36 (KHTML, like Gecko) Chrome/130.0.0.0 Safari/537.36"
213.161.10.12 - - [25/Oct/2024:04:45:52 +0000] "GET /images/ssh_login_scr.PNG HTTP/2.0" 200 15265 "https://vmfsrecover.com/tutorials/how-to-connect-to-esx-server-using-ssh-sftp" "Mozilla/5.0 (X11; Linux x86_64) AppleWebKit/537.36 (KHTML, like Gecko) Chrome/130.0.0.0 Safari/537.36"
213.161.10.12 - - [25/Oct/2024:04:45:52 +0000] "GET /images/ssh_phisicalDrives.png HTTP/2.0" 200 13277 "https://vmfsrecover.com/tutorials/how-to-connect-to-esx-server-using-ssh-sftp" "Mozilla/5.0 (X11; Linux x86_64) AppleWebKit/537.36 (KHTML, like Gecko) Chrome/130.0.0.0 Safari/537.36"
213.161.10.12 - - [25/Oct/2024:04:45:52 +0000] "GET /img/connecting2spannedVolume-SSH.png HTTP/2.0" 200 15543 "https://vmfsrecover.com/tutorials/how-to-connect-to-esx-server-using-ssh-sftp" "Mozilla/5.0 (X11; Linux x86_64) AppleWebKit/537.36 (KHTML, like Gecko) Chrome/130.0.0.0 Safari/537.36"
213.161.10.12 - - [25/Oct/2024:04:45:52 +0000] "GET /images/VMFS_disks_connected_via_SSH.PNG HTTP/2.0" 200 42021 "https://vmfsrecover.com/tutorials/how-to-connect-to-esx-server-using-ssh-sftp" "Mozilla/5.0 (X11; Linux x86_64) AppleWebKit/537.36 (KHTML, like Gecko) Chrome/130.0.0.0 Safari/537.36"
213.161.10.12 - - [25/Oct/2024:04:45:52 +0000] "GET /img/footer.png HTTP/2.0" 200 568 "https://vmfsrecover.com/css/stylesheet.css" "Mozilla/5.0 (X11; Linux x86_64) AppleWebKit/537.36 (KHTML, like Gecko) Chrome/130.0.0.0 Safari/537.36"
213.161.10.12 - - [25/Oct/2024:04:45:52 +0000] "GET /img/menu_top.png HTTP/2.0" 200 17909 "https://vmfsrecover.com/css/stylesheet.css" "Mozilla/5.0 (X11; Linux x86_64) AppleWebKit/537.36 (KHTML, like Gecko) Chrome/130.0.0.0 Safari/537.36"
213.161.10.12 - - [25/Oct/2024:04:45:52 +0000] "GET /tutorials/how-to-connect-to-esx-server-using-ssh-sftp?redirected=true HTTP/2.0" 200 4802 "https://vmfsrecover.com/tutorials/how-to-connect-to-esx-server-using-ssh-sftp" "Mozilla/5.0 (X11; Linux x86_64) AppleWebKit/537.36 (KHTML, like Gecko) Chrome/130.0.0.0 Safari/537.36"
213.161.10.12 - - [25/Oct/2024:04:45:53 +0000] "GET /favicon.ico HTTP/2.0" 200 1524 "https://vmfsrecover.com/tutorials/how-to-connect-to-esx-server-using-ssh-sftp" "Mozilla/5.0 (X11; Linux x86_64) AppleWebKit/537.36 (KHTML, like Gecko) Chrome/130.0.0.0 Safari/537.36"
213.161.10.12 - - [25/Oct/2024:04:46:11 +0000] "GET /tutorials/how-to-connect-to-esx-server-using-ssh-sftp HTTP/2.0" 200 5112 "https://www.google.com/" "Mozilla/5.0 (X11; Linux x86_64) AppleWebKit/537.36 (KHTML, like Gecko) Chrome/130.0.0.0 Safari/537.36"
114.156.144.222 - - [25/Oct/2024:04:46:25 +0000] "GET /tutorials HTTP/2.0" 200 4627 "https://vmfsrecover.com/faq" "Mozilla/5.0 (Windows NT 10.0; Win64; x64) AppleWebKit/537.36 (KHTML, like Gecko) Chrome/129.0.0.0 Safari/537.36"
72.14.201.98 - - [25/Oct/2024:04:46:28 +0000] "GET /tutorials/how-to-connect-to-esx-server-using-ssh-sftp HTTP/2.0" 200 5148 "https://www.google.com/" "Mozilla/5.0 (X11; Linux x86_64) AppleWebKit/537.36 (KHTML, like Gecko) Chrome/130.0.0.0 Safari/537.36"
114.156.144.222 - - [25/Oct/2024:04:46:28 +0000] "GET /tutorials/scan-cache-guide-and-usage HTTP/2.0" 200 4284 "https://vmfsrecover.com/tutorials" "Mozilla/5.0 (Windows NT 10.0; Win64; x64) AppleWebKit/537.36 (KHTML, like Gecko) Chrome/129.0.0.0 Safari/537.36"
114.156.144.222 - - [25/Oct/2024:04:46:28 +0000] "GET /img/developer_options.PNG HTTP/2.0" 200 16309 "https://vmfsrecover.com/tutorials/scan-cache-guide-and-usage" "Mozilla/5.0 (Windows NT 10.0; Win64; x64) AppleWebKit/537.36 (KHTML, like Gecko) Chrome/129.0.0.0 Safari/537.36"
114.156.144.222 - - [25/Oct/2024:04:46:28 +0000] "GET /img/save_scan_cache.PNG HTTP/2.0" 200 13810 "https://vmfsrecover.com/tutorials/scan-cache-guide-and-usage" "Mozilla/5.0 (Windows NT 10.0; Win64; x64) AppleWebKit/537.36 (KHTML, like Gecko) Chrome/129.0.0.0 Safari/537.36"
114.156.144.222 - - [25/Oct/2024:04:46:28 +0000] "GET /img/additional_log_settings.PNG HTTP/2.0" 200 10738 "https://vmfsrecover.com/tutorials/scan-cache-guide-and-usage" "Mozilla/5.0 (Windows NT 10.0; Win64; x64) AppleWebKit/537.36 (KHTML, like Gecko) Chrome/129.0.0.0 Safari/537.36"
114.156.144.222 - - [25/Oct/2024:04:46:28 +0000] "GET /img/scan_cache_warning.PNG HTTP/2.0" 200 4001 "https://vmfsrecover.com/tutorials/scan-cache-guide-and-usage" "Mozilla/5.0 (Windows NT 10.0; Win64; x64) AppleWebKit/537.36 (KHTML, like Gecko) Chrome/129.0.0.0 Safari/537.36"
47.84.144.167 - - [25/Oct/2024:04:46:33 +0000] "GET /images/vmfs_recovery_scr9.png HTTP/2.0" 200 227514 "-" "Mozilla/5.0 (Windows NT 10.0) AppleWebKit/537.36 (KHTML, like Gecko) Chrome/61.0.2498.137 Safari/537.36"
66.249.70.171 - - [25/Oct/2024:04:46:44 +0000] "GET /tutorials/scan-cache-guide-and-usage HTTP/1.1" 200 8815 "-" "Mozilla/5.0 (Linux; Android 6.0.1; Nexus 5X Build/MMB29P) AppleWebKit/537.36 (KHTML, like Gecko) Chrome/99.0.4844.84 Mobile Safari/537.36 (compatible; Googlebot/2.1; +http://www.google.com/bot.html)"
66.249.70.169 - - [25/Oct/2024:04:46:45 +0000] "GET /tutorials/scan-cache-guide-and-usage HTTP/1.1" 200 8799 "-" "Mozilla/5.0 (compatible; Googlebot/2.1; +http://www.google.com/bot.html)"
114.156.144.222 - - [25/Oct/2024:04:47:33 +0000] "GET /tutorials HTTP/2.0" 200 4627 "https://vmfsrecover.com/faq" "Mozilla/5.0 (Windows NT 10.0; Win64; x64) AppleWebKit/537.36 (KHTML, like Gecko) Chrome/129.0.0.0 Safari/537.36"
114.156.144.222 - - [25/Oct/2024:04:47:36 +0000] "GET /tutorials/additional-recovery-algorithms-recovered-files-and-unknown-files-virtual-folders HTTP/2.0" 200 2474 "https://vmfsrecover.com/tutorials" "Mozilla/5.0 (Windows NT 10.0; Win64; x64) AppleWebKit/537.36 (KHTML, like Gecko) Chrome/129.0.0.0 Safari/537.36"
114.156.144.222 - - [25/Oct/2024:04:47:40 +0000] "GET /tutorials HTTP/2.0" 200 4239 "https://vmfsrecover.com/faq" "Mozilla/5.0 (Windows NT 10.0; Win64; x64) AppleWebKit/537.36 (KHTML, like Gecko) Chrome/129.0.0.0 Safari/537.36"
114.156.144.222 - - [25/Oct/2024:04:47:43 +0000] "GET /tutorials/recovering-drives-with-damaged-partition-table HTTP/2.0" 200 2566 "https://vmfsrecover.com/tutorials" "Mozilla/5.0 (Windows NT 10.0; Win64; x64) AppleWebKit/537.36 (KHTML, like Gecko) Chrome/129.0.0.0 Safari/537.36"
114.156.144.222 - - [25/Oct/2024:04:47:44 +0000] "GET /img/recovered-partitions3.png HTTP/2.0" 200 145451 "https://vmfsrecover.com/tutorials/recovering-drives-with-damaged-partition-table" "Mozilla/5.0 (Windows NT 10.0; Win64; x64) AppleWebKit/537.36 (KHTML, like Gecko) Chrome/129.0.0.0 Safari/537.36"
114.156.144.222 - - [25/Oct/2024:04:47:44 +0000] "GET /img/recovered-partitions4.png HTTP/2.0" 200 57102 "https://vmfsrecover.com/tutorials/recovering-drives-with-damaged-partition-table" "Mozilla/5.0 (Windows NT 10.0; Win64; x64) AppleWebKit/537.36 (KHTML, like Gecko) Chrome/129.0.0.0 Safari/537.36"
114.156.144.222 - - [25/Oct/2024:04:47:44 +0000] "GET /img/search-box.png HTTP/2.0" 200 4516 "https://vmfsrecover.com/tutorials/recovering-drives-with-damaged-partition-table" "Mozilla/5.0 (Windows NT 10.0; Win64; x64) AppleWebKit/537.36 (KHTML, like Gecko) Chrome/129.0.0.0 Safari/537.36"
114.156.144.222 - - [25/Oct/2024:04:47:47 +0000] "GET /tutorials HTTP/2.0" 200 4239 "https://vmfsrecover.com/faq" "Mozilla/5.0 (Windows NT 10.0; Win64; x64) AppleWebKit/537.36 (KHTML, like Gecko) Chrome/129.0.0.0 Safari/537.36"
114.156.144.222 - - [25/Oct/2024:04:47:53 +0000] "GET /tutorials/how-to-preview-recovered-vmdk-file-before-purchase HTTP/2.0" 200 4648 "https://vmfsrecover.com/tutorials" "Mozilla/5.0 (Windows NT 10.0; Win64; x64) AppleWebKit/537.36 (KHTML, like Gecko) Chrome/129.0.0.0 Safari/537.36"
213.110.102.153 - - [25/Oct/2024:04:52:58 +0000] "GET /images/vmdk-NTFS-signature-preveiw.png HTTP/2.0" 200 30654 "https://www.perplexity.ai/" "Mozilla/5.0 (X11; Linux x86_64) AppleWebKit/537.36 (KHTML, like Gecko) Chrome/130.0.0.0 Safari/537.36"
185.178.35.167 - - [25/Oct/2024:04:52:59 +0000] "GET /images/vmdk-NTFS-signature-preveiw.png HTTP/1.1" 200 34714 "-" "Mozilla/5.0 AppleWebKit/537.36 (KHTML, like Gecko; compatible; PerplexityBot/1.0; +https://docs.perplexity.ai/docs/perplexity-bot)"
114.156.144.222 - - [25/Oct/2024:04:56:35 +0000] "GET /tutorials HTTP/2.0" 200 4627 "https://vmfsrecover.com/faq" "Mozilla/5.0 (Windows NT 10.0; Win64; x64) AppleWebKit/537.36 (KHTML, like Gecko) Chrome/129.0.0.0 Safari/537.36"
114.156.144.222 - - [25/Oct/2024:04:56:45 +0000] "GET /tutorials/how-to-select-a-vmfs-recovery-license-for-your-needs HTTP/2.0" 200 4015 "https://vmfsrecover.com/tutorials" "Mozilla/5.0 (Windows NT 10.0; Win64; x64) AppleWebKit/537.36 (KHTML, like Gecko) Chrome/129.0.0.0 Safari/537.36"
66.249.70.171 - - [25/Oct/2024:04:56:57 +0000] "GET /tutorials/how-to-select-a-vmfs-recovery-license-for-your-needs HTTP/1.1" 200 8174 "-" "Mozilla/5.0 (compatible; Googlebot/2.1; +http://www.google.com/bot.html)"
66.249.70.170 - - [25/Oct/2024:04:56:58 +0000] "GET /tutorials/how-to-select-a-vmfs-recovery-license-for-your-needs HTTP/1.1" 200 8142 "-" "Mozilla/5.0 (Linux; Android 6.0.1; Nexus 5X Build/MMB29P) AppleWebKit/537.36 (KHTML, like Gecko) Chrome/99.0.4844.84 Mobile Safari/537.36 (compatible; Googlebot/2.1; +http://www.google.com/bot.html)"
192.30.117.106 - - [25/Oct/2024:04:58:24 +0000] "GET /articles/esx-error-inaccessible-virtual-machines-also-known-as-unknown-vm-issue HTTP/2.0" 200 4480 "-" "Mozilla/5.0 (Windows NT 10.0; Win64; x64) AppleWebKit/537.36 (KHTML, like Gecko) Chrome/130.0.0.0 Safari/537.36"
192.30.117.106 - - [25/Oct/2024:04:58:24 +0000] "GET /css/stylesheet.css HTTP/2.0" 200 3769 "https://vmfsrecover.com/articles/esx-error-inaccessible-virtual-machines-also-known-as-unknown-vm-issue" "Mozilla/5.0 (Windows NT 10.0; Win64; x64) AppleWebKit/537.36 (KHTML, like Gecko) Chrome/130.0.0.0 Safari/537.36 Edg/130.0.0.0"
192.30.117.106 - - [25/Oct/2024:04:58:24 +0000] "GET /img/NAS_data_layer_scheme2.png HTTP/2.0" 200 131282 "https://vmfsrecover.com/articles/esx-error-inaccessible-virtual-machines-also-known-as-unknown-vm-issue" "Mozilla/5.0 (Windows NT 10.0; Win64; x64) AppleWebKit/537.36 (KHTML, like Gecko) Chrome/130.0.0.0 Safari/537.36 Edg/130.0.0.0"
192.30.117.106 - - [25/Oct/2024:04:58:24 +0000] "GET /js/iepngfix_tilebg.js HTTP/2.0" 200 1869 "https://vmfsrecover.com/articles/esx-error-inaccessible-virtual-machines-also-known-as-unknown-vm-issue" "Mozilla/5.0 (Windows NT 10.0; Win64; x64) AppleWebKit/537.36 (KHTML, like Gecko) Chrome/130.0.0.0 Safari/537.36 Edg/130.0.0.0"
192.30.117.106 - - [25/Oct/2024:04:58:25 +0000] "GET /img/menu_top.png HTTP/2.0" 200 17932 "https://vmfsrecover.com/css/stylesheet.css" "Mozilla/5.0 (Windows NT 10.0; Win64; x64) AppleWebKit/537.36 (KHTML, like Gecko) Chrome/130.0.0.0 Safari/537.36 Edg/130.0.0.0"
192.30.117.106 - - [25/Oct/2024:04:58:25 +0000] "GET /img/footer.png HTTP/2.0" 200 568 "https://vmfsrecover.com/css/stylesheet.css" "Mozilla/5.0 (Windows NT 10.0; Win64; x64) AppleWebKit/537.36 (KHTML, like Gecko) Chrome/130.0.0.0 Safari/537.36 Edg/130.0.0.0"
192.30.117.106 - - [25/Oct/2024:04:58:25 +0000] "GET /articles/esx-error-inaccessible-virtual-machines-also-known-as-unknown-vm-issue?redirected=true HTTP/2.0" 200 4032 "https://vmfsrecover.com/articles/esx-error-inaccessible-virtual-machines-also-known-as-unknown-vm-issue" "Mozilla/5.0 (Windows NT 10.0; Win64; x64) AppleWebKit/537.36 (KHTML, like Gecko) Chrome/130.0.0.0 Safari/537.36 Edg/130.0.0.0"
192.30.117.106 - - [25/Oct/2024:04:58:26 +0000] "GET /favicon.ico HTTP/2.0" 200 1524 "https://vmfsrecover.com/articles/esx-error-inaccessible-virtual-machines-also-known-as-unknown-vm-issue" "Mozilla/5.0 (Windows NT 10.0; Win64; x64) AppleWebKit/537.36 (KHTML, like Gecko) Chrome/130.0.0.0 Safari/537.36 Edg/130.0.0.0"
114.156.144.222 - - [25/Oct/2024:04:58:38 +0000] "GET /tutorials HTTP/2.0" 200 4627 "https://vmfsrecover.com/faq" "Mozilla/5.0 (Windows NT 10.0; Win64; x64) AppleWebKit/537.36 (KHTML, like Gecko) Chrome/129.0.0.0 Safari/537.36"
114.156.144.222 - - [25/Oct/2024:04:58:46 +0000] "GET /tutorials/additional-recovery-algorithms-recovered-files-and-unknown-files-virtual-folders HTTP/2.0" 200 2862 "https://vmfsrecover.com/tutorials" "Mozilla/5.0 (Windows NT 10.0; Win64; x64) AppleWebKit/537.36 (KHTML, like Gecko) Chrome/129.0.0.0 Safari/537.36"
66.249.70.170 - - [25/Oct/2024:04:58:57 +0000] "GET /tutorials/additional-recovery-algorithms-recovered-files-and-unknown-files-virtual-folders HTTP/1.1" 200 7021 "-" "Mozilla/5.0 (compatible; Googlebot/2.1; +http://www.google.com/bot.html)"
66.249.70.170 - - [25/Oct/2024:04:58:58 +0000] "GET /tutorials/additional-recovery-algorithms-recovered-files-and-unknown-files-virtual-folders HTTP/1.1" 200 3249 "-" "Mozilla/5.0 (Linux; Android 6.0.1; Nexus 5X Build/MMB29P) AppleWebKit/537.36 (KHTML, like Gecko) Chrome/99.0.4844.84 Mobile Safari/537.36 (compatible; Googlebot/2.1; +http://www.google.com/bot.html)"
114.156.144.222 - - [25/Oct/2024:05:00:37 +0000] "GET /tutorials HTTP/2.0" 200 4627 "https://vmfsrecover.com/faq" "Mozilla/5.0 (Windows NT 10.0; Win64; x64) AppleWebKit/537.36 (KHTML, like Gecko) Chrome/129.0.0.0 Safari/537.36"
114.156.144.222 - - [25/Oct/2024:05:00:44 +0000] "GET /tutorials/file-systems-peculiarities HTTP/2.0" 200 5193 "https://vmfsrecover.com/tutorials" "Mozilla/5.0 (Windows NT 10.0; Win64; x64) AppleWebKit/537.36 (KHTML, like Gecko) Chrome/129.0.0.0 Safari/537.36"
114.156.144.222 - - [25/Oct/2024:05:00:44 +0000] "GET /img/vmfs6.png HTTP/2.0" 200 8564 "https://vmfsrecover.com/tutorials/file-systems-peculiarities" "Mozilla/5.0 (Windows NT 10.0; Win64; x64) AppleWebKit/537.36 (KHTML, like Gecko) Chrome/129.0.0.0 Safari/537.36"
114.156.144.222 - - [25/Oct/2024:05:00:44 +0000] "GET /img/vmfs5.png HTTP/2.0" 200 4532 "https://vmfsrecover.com/tutorials/file-systems-peculiarities" "Mozilla/5.0 (Windows NT 10.0; Win64; x64) AppleWebKit/537.36 (KHTML, like Gecko) Chrome/129.0.0.0 Safari/537.36"
114.156.144.222 - - [25/Oct/2024:05:00:44 +0000] "GET /img/mount_vmdk_with_snapshots.png HTTP/2.0" 200 76581 "https://vmfsrecover.com/tutorials/file-systems-peculiarities" "Mozilla/5.0 (Windows NT 10.0; Win64; x64) AppleWebKit/537.36 (KHTML, like Gecko) Chrome/129.0.0.0 Safari/537.36"
114.156.144.222 - - [25/Oct/2024:05:00:44 +0000] "GET /img/mounted_vmdk_with_snapshots.png HTTP/2.0" 200 59966 "https://vmfsrecover.com/tutorials/file-systems-peculiarities" "Mozilla/5.0 (Windows NT 10.0; Win64; x64) AppleWebKit/537.36 (KHTML, like Gecko) Chrome/129.0.0.0 Safari/537.36"
66.249.70.170 - - [25/Oct/2024:05:00:57 +0000] "GET /tutorials/file-systems-peculiarities HTTP/1.1" 200 9336 "-" "Mozilla/5.0 (compatible; Googlebot/2.1; +http://www.google.com/bot.html)"
66.249.70.171 - - [25/Oct/2024:05:00:58 +0000] "GET /tutorials/file-systems-peculiarities HTTP/1.1" 200 9320 "-" "Mozilla/5.0 (Linux; Android 6.0.1; Nexus 5X Build/MMB29P) AppleWebKit/537.36 (KHTML, like Gecko) Chrome/99.0.4844.84 Mobile Safari/537.36 (compatible; Googlebot/2.1; +http://www.google.com/bot.html)"
114.156.144.222 - - [25/Oct/2024:05:01:05 +0000] "GET /tutorials HTTP/2.0" 200 4627 "https://vmfsrecover.com/faq" "Mozilla/5.0 (Windows NT 10.0; Win64; x64) AppleWebKit/537.36 (KHTML, like Gecko) Chrome/129.0.0.0 Safari/537.36"
114.156.144.222 - - [25/Oct/2024:05:01:07 +0000] "GET /tutorials/how-to-preview-recovered-vmdk-file-before-purchase HTTP/2.0" 200 4260 "https://vmfsrecover.com/tutorials" "Mozilla/5.0 (Windows NT 10.0; Win64; x64) AppleWebKit/537.36 (KHTML, like Gecko) Chrome/129.0.0.0 Safari/537.36"
5.255.231.97 - - [25/Oct/2024:05:02:23 +0000] "GET /robots.txt HTTP/1.1" 301 562 "-" "Mozilla/5.0 (compatible; YandexBot/3.0; +http://yandex.com/bots)"
5.255.231.97 - - [25/Oct/2024:05:02:23 +0000] "GET /robots.txt HTTP/1.1" 200 4567 "-" "Mozilla/5.0 (compatible; YandexBot/3.0; +http://yandex.com/bots)"
5.255.231.148 - - [25/Oct/2024:05:02:24 +0000] "GET /tutorials/saving-recovered-data HTTP/1.1" 301 604 "-" "Mozilla/5.0 (compatible; YandexBot/3.0; +http://yandex.com/bots) AppleWebKit/537.36 (KHTML, like Gecko) Chrome/108.0.0.0"
87.250.224.45 - - [25/Oct/2024:05:02:25 +0000] "GET /robots.txt HTTP/1.1" 200 4567 "-" "Mozilla/5.0 (compatible; YandexBot/3.0; +http://yandex.com/bots)"
5.255.231.104 - - [25/Oct/2024:05:02:25 +0000] "GET /tutorials/saving-recovered-data HTTP/1.1" 200 8108 "-" "Mozilla/5.0 (compatible; YandexBot/3.0; +http://yandex.com/bots) AppleWebKit/537.36 (KHTML, like Gecko) Chrome/108.0.0.0"
213.180.203.144 - - [25/Oct/2024:05:02:27 +0000] "GET /js/iepngfix_tilebg.js HTTP/1.1" 200 6297 "https://vmfsrecover.com/tutorials/saving-recovered-data" "Mozilla/5.0 (compatible; YandexRenderResourcesBot/1.0; +http://yandex.com/bots) AppleWebKit/537.36 (KHTML, like Gecko) Chrome/108.0.0.0"
95.108.213.110 - - [25/Oct/2024:05:02:29 +0000] "GET /tutorials/saving-recovered-data?redirected=true HTTP/1.1" 200 8050 "https://vmfsrecover.com/tutorials/saving-recovered-data" "Mozilla/5.0 (compatible; YandexRenderResourcesBot/1.0; +http://yandex.com/bots) AppleWebKit/537.36 (KHTML, like Gecko) Chrome/108.0.0.0"
163.116.223.115 - - [25/Oct/2024:05:03:12 +0000] "GET /img/10058-SSH-connection-error.png HTTP/1.1" 200 16596 "https://www.google.com/" "Mozilla/5.0 (Windows NT 10.0; Win64; x64) AppleWebKit/537.36 (KHTML, like Gecko) Chrome/130.0.0.0 Safari/537.36 Edg/130.0.0.0"
66.249.70.170 - - [25/Oct/2024:05:09:49 +0000] "GET / HTTP/1.1" 301 542 "-" "Mozilla/5.0 (compatible; Googlebot/2.1; +http://www.google.com/bot.html)"
66.249.70.171 - - [25/Oct/2024:05:09:50 +0000] "GET / HTTP/1.1" 200 13554 "-" "Mozilla/5.0 (compatible; Googlebot/2.1; +http://www.google.com/bot.html)"
66.249.70.170 - - [25/Oct/2024:05:09:51 +0000] "GET /css/stylesheet.css HTTP/1.1" 200 8173 "https://vmfsrecover.com/" "Mozilla/5.0 AppleWebKit/537.36 (KHTML, like Gecko; compatible; Googlebot/2.1; +http://www.google.com/bot.html) Chrome/130.0.6723.58 Safari/537.36"
66.249.70.171 - - [25/Oct/2024:05:09:51 +0000] "GET /js/iepngfix_tilebg.js HTTP/1.1" 200 2510 "https://vmfsrecover.com/" "Mozilla/5.0 AppleWebKit/537.36 (KHTML, like Gecko; compatible; Googlebot/2.1; +http://www.google.com/bot.html) Chrome/130.0.6723.58 Safari/537.36"
114.156.144.222 - - [25/Oct/2024:05:12:07 +0000] "GET /tutorials HTTP/2.0" 200 4627 "https://vmfsrecover.com/faq" "Mozilla/5.0 (Windows NT 10.0; Win64; x64) AppleWebKit/537.36 (KHTML, like Gecko) Chrome/129.0.0.0 Safari/537.36"
114.156.144.222 - - [25/Oct/2024:05:12:10 +0000] "GET /tutorials/additional-recovery-algorithms-recovered-files-and-unknown-files-virtual-folders HTTP/2.0" 200 2474 "https://vmfsrecover.com/tutorials" "Mozilla/5.0 (Windows NT 10.0; Win64; x64) AppleWebKit/537.36 (KHTML, like Gecko) Chrome/129.0.0.0 Safari/537.36"
114.156.144.222 - - [25/Oct/2024:05:12:15 +0000] "GET /tutorials HTTP/2.0" 200 4239 "https://vmfsrecover.com/faq" "Mozilla/5.0 (Windows NT 10.0; Win64; x64) AppleWebKit/537.36 (KHTML, like Gecko) Chrome/129.0.0.0 Safari/537.36"
114.156.144.222 - - [25/Oct/2024:05:12:17 +0000] "GET /tutorials/scan-cache-guide-and-usage HTTP/2.0" 200 4284 "https://vmfsrecover.com/tutorials" "Mozilla/5.0 (Windows NT 10.0; Win64; x64) AppleWebKit/537.36 (KHTML, like Gecko) Chrome/129.0.0.0 Safari/537.36"
114.156.144.222 - - [25/Oct/2024:05:12:27 +0000] "GET /tutorials HTTP/2.0" 200 4627 "https://vmfsrecover.com/faq" "Mozilla/5.0 (Windows NT 10.0; Win64; x64) AppleWebKit/537.36 (KHTML, like Gecko) Chrome/129.0.0.0 Safari/537.36"
114.156.144.222 - - [25/Oct/2024:05:12:30 +0000] "GET /tutorials/recovering-drives-with-damaged-partition-table HTTP/2.0" 200 2566 "https://vmfsrecover.com/tutorials" "Mozilla/5.0 (Windows NT 10.0; Win64; x64) AppleWebKit/537.36 (KHTML, like Gecko) Chrome/129.0.0.0 Safari/537.36"
114.156.144.222 - - [25/Oct/2024:05:12:39 +0000] "GET /tutorials HTTP/2.0" 200 4627 "https://vmfsrecover.com/faq" "Mozilla/5.0 (Windows NT 10.0; Win64; x64) AppleWebKit/537.36 (KHTML, like Gecko) Chrome/129.0.0.0 Safari/537.36"
114.156.144.222 - - [25/Oct/2024:05:12:47 +0000] "GET /tutorials/saving-recovered-data HTTP/2.0" 200 3934 "https://vmfsrecover.com/tutorials" "Mozilla/5.0 (Windows NT 10.0; Win64; x64) AppleWebKit/537.36 (KHTML, like Gecko) Chrome/129.0.0.0 Safari/537.36"
114.156.144.222 - - [25/Oct/2024:05:12:47 +0000] "GET /img/saving_selected_data.png HTTP/2.0" 200 31541 "https://vmfsrecover.com/tutorials/saving-recovered-data" "Mozilla/5.0 (Windows NT 10.0; Win64; x64) AppleWebKit/537.36 (KHTML, like Gecko) Chrome/129.0.0.0 Safari/537.36"
114.156.144.222 - - [25/Oct/2024:05:12:47 +0000] "GET /img/export-wizard.png HTTP/2.0" 200 6601 "https://vmfsrecover.com/tutorials/saving-recovered-data" "Mozilla/5.0 (Windows NT 10.0; Win64; x64) AppleWebKit/537.36 (KHTML, like Gecko) Chrome/129.0.0.0 Safari/537.36"
114.156.144.222 - - [25/Oct/2024:05:12:47 +0000] "GET /img/virtual_disk_mount_to_system_as_local_drive.PNG HTTP/2.0" 200 13530 "https://vmfsrecover.com/tutorials/saving-recovered-data" "Mozilla/5.0 (Windows NT 10.0; Win64; x64) AppleWebKit/537.36 (KHTML, like Gecko) Chrome/129.0.0.0 Safari/537.36"
114.156.144.222 - - [25/Oct/2024:05:12:47 +0000] "GET /img/virtual_disk_mounted_to_system_as_local_drive.PNG HTTP/2.0" 200 17255 "https://vmfsrecover.com/tutorials/saving-recovered-data" "Mozilla/5.0 (Windows NT 10.0; Win64; x64) AppleWebKit/537.36 (KHTML, like Gecko) Chrome/129.0.0.0 Safari/537.36"
114.156.144.222 - - [25/Oct/2024:05:12:47 +0000] "GET /img/file_that_represents_a_disk_image.PNG HTTP/2.0" 200 39971 "https://vmfsrecover.com/tutorials/saving-recovered-data" "Mozilla/5.0 (Windows NT 10.0; Win64; x64) AppleWebKit/537.36 (KHTML, like Gecko) Chrome/129.0.0.0 Safari/537.36"
114.156.144.222 - - [25/Oct/2024:05:12:47 +0000] "GET /img/export-ftp.png HTTP/2.0" 200 7446 "https://vmfsrecover.com/tutorials/saving-recovered-data" "Mozilla/5.0 (Windows NT 10.0; Win64; x64) AppleWebKit/537.36 (KHTML, like Gecko) Chrome/129.0.0.0 Safari/537.36"
157.55.39.61 - - [25/Oct/2024:05:12:57 +0000] "GET /articles/2019/12/11/anonymous-usage-statistics-and-bug-reports-in-vmfs-recovery HTTP/1.1" 301 644 "-" "Mozilla/5.0 AppleWebKit/537.36 (KHTML, like Gecko; compatible; bingbot/2.0; +http://www.bing.com/bingbot.htm) Chrome/116.0.1938.76 Safari/537.36"
66.249.70.170 - - [25/Oct/2024:05:13:06 +0000] "GET /tutorials/saving-recovered-data HTTP/1.1" 200 8061 "-" "Mozilla/5.0 (Linux; Android 6.0.1; Nexus 5X Build/MMB29P) AppleWebKit/537.36 (KHTML, like Gecko) Chrome/99.0.4844.84 Mobile Safari/537.36 (compatible; Googlebot/2.1; +http://www.google.com/bot.html)"
192.248.24.50 - - [25/Oct/2024:05:13:06 +0000] "GET /articles/how-to-recover-missed-vmdk-descriptor-file HTTP/2.0" 200 3742 "https://www.google.com/" "Mozilla/5.0 (Windows NT 10.0; Win64; x64) AppleWebKit/537.36 (KHTML, like Gecko) Chrome/129.0.0.0 Safari/537.36"
192.248.24.50 - - [25/Oct/2024:05:13:07 +0000] "GET /images/VMDK-descriptor-block.png HTTP/2.0" 200 21071 "https://vmfsrecover.com/articles/how-to-recover-missed-vmdk-descriptor-file" "Mozilla/5.0 (Windows NT 10.0; Win64; x64) AppleWebKit/537.36 (KHTML, like Gecko) Chrome/129.0.0.0 Safari/537.36"
192.248.24.50 - - [25/Oct/2024:05:13:07 +0000] "GET /js/iepngfix_tilebg.js HTTP/2.0" 200 1869 "https://vmfsrecover.com/articles/how-to-recover-missed-vmdk-descriptor-file" "Mozilla/5.0 (Windows NT 10.0; Win64; x64) AppleWebKit/537.36 (KHTML, like Gecko) Chrome/129.0.0.0 Safari/537.36"
192.248.24.50 - - [25/Oct/2024:05:13:07 +0000] "GET /css/stylesheet.css HTTP/2.0" 200 3764 "https://vmfsrecover.com/articles/how-to-recover-missed-vmdk-descriptor-file" "Mozilla/5.0 (Windows NT 10.0; Win64; x64) AppleWebKit/537.36 (KHTML, like Gecko) Chrome/129.0.0.0 Safari/537.36"
66.249.70.171 - - [25/Oct/2024:05:13:07 +0000] "GET /tutorials/saving-recovered-data HTTP/1.1" 200 8061 "-" "Mozilla/5.0 (compatible; Googlebot/2.1; +http://www.google.com/bot.html)"
192.248.24.50 - - [25/Oct/2024:05:13:09 +0000] "GET /articles/how-to-recover-missed-vmdk-descriptor-file?redirected=true HTTP/2.0" 200 3317 "https://vmfsrecover.com/articles/how-to-recover-missed-vmdk-descriptor-file" "Mozilla/5.0 (Windows NT 10.0; Win64; x64) AppleWebKit/537.36 (KHTML, like Gecko) Chrome/129.0.0.0 Safari/537.36"
192.248.24.50 - - [25/Oct/2024:05:13:09 +0000] "GET /img/menu_top.png HTTP/2.0" 200 17909 "https://vmfsrecover.com/css/stylesheet.css" "Mozilla/5.0 (Windows NT 10.0; Win64; x64) AppleWebKit/537.36 (KHTML, like Gecko) Chrome/129.0.0.0 Safari/537.36"
192.248.24.50 - - [25/Oct/2024:05:13:09 +0000] "GET /img/footer.png HTTP/2.0" 200 568 "https://vmfsrecover.com/css/stylesheet.css" "Mozilla/5.0 (Windows NT 10.0; Win64; x64) AppleWebKit/537.36 (KHTML, like Gecko) Chrome/129.0.0.0 Safari/537.36"
192.248.24.50 - - [25/Oct/2024:05:13:10 +0000] "GET /favicon.ico HTTP/2.0" 200 1524 "https://vmfsrecover.com/articles/how-to-recover-missed-vmdk-descriptor-file" "Mozilla/5.0 (Windows NT 10.0; Win64; x64) AppleWebKit/537.36 (KHTML, like Gecko) Chrome/129.0.0.0 Safari/537.36"
114.156.144.222 - - [25/Oct/2024:05:13:33 +0000] "GET /tutorials HTTP/2.0" 200 4627 "https://vmfsrecover.com/faq" "Mozilla/5.0 (Windows NT 10.0; Win64; x64) AppleWebKit/537.36 (KHTML, like Gecko) Chrome/129.0.0.0 Safari/537.36"
114.156.144.222 - - [25/Oct/2024:05:13:38 +0000] "GET /tutorials/recovering-data-from-raid-disks HTTP/2.0" 200 3279 "https://vmfsrecover.com/tutorials" "Mozilla/5.0 (Windows NT 10.0; Win64; x64) AppleWebKit/537.36 (KHTML, like Gecko) Chrome/129.0.0.0 Safari/537.36"
66.249.70.170 - - [25/Oct/2024:05:13:53 +0000] "GET /tutorials/recovering-data-from-raid-disks HTTP/1.1" 200 7794 "-" "Mozilla/5.0 (compatible; Googlebot/2.1; +http://www.google.com/bot.html)"
66.249.70.170 - - [25/Oct/2024:05:13:53 +0000] "GET /tutorials/recovering-data-from-raid-disks HTTP/1.1" 200 4054 "-" "Mozilla/5.0 (Linux; Android 6.0.1; Nexus 5X Build/MMB29P) AppleWebKit/537.36 (KHTML, like Gecko) Chrome/99.0.4844.84 Mobile Safari/537.36 (compatible; Googlebot/2.1; +http://www.google.com/bot.html)"
114.156.144.222 - - [25/Oct/2024:05:14:10 +0000] "GET /tutorials HTTP/2.0" 200 4627 "https://vmfsrecover.com/faq" "Mozilla/5.0 (Windows NT 10.0; Win64; x64) AppleWebKit/537.36 (KHTML, like Gecko) Chrome/129.0.0.0 Safari/537.36"
114.156.144.222 - - [25/Oct/2024:05:14:43 +0000] "GET /tutorials/how-to-preview-recovered-vmdk-file-before-purchase HTTP/2.0" 200 4648 "https://vmfsrecover.com/tutorials" "Mozilla/5.0 (Windows NT 10.0; Win64; x64) AppleWebKit/537.36 (KHTML, like Gecko) Chrome/129.0.0.0 Safari/537.36"
51.222.253.11 - - [25/Oct/2024:05:17:31 +0000] "GET / HTTP/1.1" 301 486 "-" "Mozilla/5.0 (compatible; AhrefsBot/7.0; +http://ahrefs.com/robot/)"
114.156.144.222 - - [25/Oct/2024:05:18:05 +0000] "GET /tutorials HTTP/2.0" 200 4627 "https://vmfsrecover.com/faq" "Mozilla/5.0 (Windows NT 10.0; Win64; x64) AppleWebKit/537.36 (KHTML, like Gecko) Chrome/129.0.0.0 Safari/537.36"
114.156.144.222 - - [25/Oct/2024:05:18:13 +0000] "GET /tutorials/additional-recovery-algorithms-recovered-files-and-unknown-files-virtual-folders HTTP/2.0" 200 2862 "https://vmfsrecover.com/tutorials" "Mozilla/5.0 (Windows NT 10.0; Win64; x64) AppleWebKit/537.36 (KHTML, like Gecko) Chrome/129.0.0.0 Safari/537.36"
114.156.144.222 - - [25/Oct/2024:05:18:22 +0000] "GET /tutorials HTTP/2.0" 200 4627 "https://vmfsrecover.com/faq" "Mozilla/5.0 (Windows NT 10.0; Win64; x64) AppleWebKit/537.36 (KHTML, like Gecko) Chrome/129.0.0.0 Safari/537.36"
114.156.144.222 - - [25/Oct/2024:05:18:28 +0000] "GET /tutorials/scan-cache-guide-and-usage HTTP/2.0" 200 4672 "https://vmfsrecover.com/tutorials" "Mozilla/5.0 (Windows NT 10.0; Win64; x64) AppleWebKit/537.36 (KHTML, like Gecko) Chrome/129.0.0.0 Safari/537.36"
114.156.144.222 - - [25/Oct/2024:05:18:31 +0000] "GET /tutorials HTTP/2.0" 200 4239 "https://vmfsrecover.com/faq" "Mozilla/5.0 (Windows NT 10.0; Win64; x64) AppleWebKit/537.36 (KHTML, like Gecko) Chrome/129.0.0.0 Safari/537.36"
114.156.144.222 - - [25/Oct/2024:05:18:35 +0000] "GET /tutorials/additional-recovery-algorithms-recovered-files-and-unknown-files-virtual-folders HTTP/2.0" 200 2474 "https://vmfsrecover.com/tutorials" "Mozilla/5.0 (Windows NT 10.0; Win64; x64) AppleWebKit/537.36 (KHTML, like Gecko) Chrome/129.0.0.0 Safari/537.36"
157.55.39.61 - - [25/Oct/2024:05:18:38 +0000] "GET /articles/how-to-recover-missed-vmdk-descriptor-file HTTP/1.1" 301 588 "-" "Mozilla/5.0 AppleWebKit/537.36 (KHTML, like Gecko; compatible; bingbot/2.0; +http://www.bing.com/bingbot.htm) Chrome/116.0.1938.76 Safari/537.36"
188.208.222.179 - - [25/Oct/2024:05:18:44 +0000] "GET /img/10058-SSH-connection-error.png HTTP/1.1" 200 16537 "-" "Mozilla/5.0 AppleWebKit/537.36 (KHTML, like Gecko; compatible; PerplexityBot/1.0; +https://docs.perplexity.ai/docs/perplexity-bot)"
114.156.144.222 - - [25/Oct/2024:05:19:17 +0000] "GET /tutorials HTTP/2.0" 200 4627 "https://vmfsrecover.com/faq" "Mozilla/5.0 (Windows NT 10.0; Win64; x64) AppleWebKit/537.36 (KHTML, like Gecko) Chrome/129.0.0.0 Safari/537.36"
114.156.144.222 - - [25/Oct/2024:05:19:30 +0000] "GET /tutorials/vmfs-recovery-methodology-and-usage HTTP/2.0" 200 3165 "https://vmfsrecover.com/tutorials" "Mozilla/5.0 (Windows NT 10.0; Win64; x64) AppleWebKit/537.36 (KHTML, like Gecko) Chrome/129.0.0.0 Safari/537.36"
114.156.144.222 - - [25/Oct/2024:05:19:37 +0000] "GET /tutorials/opening-a-disk HTTP/2.0" 200 3386 "https://vmfsrecover.com/tutorials/vmfs-recovery-methodology-and-usage" "Mozilla/5.0 (Windows NT 10.0; Win64; x64) AppleWebKit/537.36 (KHTML, like Gecko) Chrome/129.0.0.0 Safari/537.36"
66.249.70.171 - - [25/Oct/2024:05:19:39 +0000] "GET /tutorials/vmfs-recovery-methodology-and-usage HTTP/1.1" 200 7308 "-" "Mozilla/5.0 (Linux; Android 6.0.1; Nexus 5X Build/MMB29P) AppleWebKit/537.36 (KHTML, like Gecko) Chrome/99.0.4844.84 Mobile Safari/537.36 (compatible; Googlebot/2.1; +http://www.google.com/bot.html)"
66.249.70.169 - - [25/Oct/2024:05:19:40 +0000] "GET /tutorials/vmfs-recovery-methodology-and-usage HTTP/1.1" 200 7308 "-" "Mozilla/5.0 (compatible; Googlebot/2.1; +http://www.google.com/bot.html)"
66.249.70.5 - - [25/Oct/2024:05:27:22 +0000] "GET /download HTTP/1.1" 200 7801 "-" "Mozilla/5.0 (Linux; Android 6.0.1; Nexus 5X Build/MMB29P) AppleWebKit/537.36 (KHTML, like Gecko) Chrome/130.0.6723.69 Mobile Safari/537.36 (compatible; Googlebot/2.1; +http://www.google.com/bot.html)"
114.156.144.222 - - [25/Oct/2024:05:29:50 +0000] "GET /tutorials/vmfs-recovery-methodology-and-usage HTTP/2.0" 200 3165 "https://vmfsrecover.com/tutorials" "Mozilla/5.0 (Windows NT 10.0; Win64; x64) AppleWebKit/537.36 (KHTML, like Gecko) Chrome/129.0.0.0 Safari/537.36"
114.156.144.222 - - [25/Oct/2024:05:29:54 +0000] "GET /articles/2015/11/20/mounting-recovered-vmdk-files HTTP/2.0" 200 2616 "https://vmfsrecover.com/tutorials/vmfs-recovery-methodology-and-usage" "Mozilla/5.0 (Windows NT 10.0; Win64; x64) AppleWebKit/537.36 (KHTML, like Gecko) Chrome/129.0.0.0 Safari/537.36"
114.156.144.222 - - [25/Oct/2024:05:29:55 +0000] "GET /img/mount_vmdk1.png HTTP/2.0" 200 72873 "https://vmfsrecover.com/articles/2015/11/20/mounting-recovered-vmdk-files" "Mozilla/5.0 (Windows NT 10.0; Win64; x64) AppleWebKit/537.36 (KHTML, like Gecko) Chrome/129.0.0.0 Safari/537.36"
114.156.144.222 - - [25/Oct/2024:05:29:55 +0000] "GET /img/mount-vmdk3.png HTTP/2.0" 200 7399 "https://vmfsrecover.com/articles/2015/11/20/mounting-recovered-vmdk-files" "Mozilla/5.0 (Windows NT 10.0; Win64; x64) AppleWebKit/537.36 (KHTML, like Gecko) Chrome/129.0.0.0 Safari/537.36"
114.156.144.222 - - [25/Oct/2024:05:29:55 +0000] "GET /img/mount%20vmdk2.png HTTP/2.0" 200 51149 "https://vmfsrecover.com/articles/2015/11/20/mounting-recovered-vmdk-files" "Mozilla/5.0 (Windows NT 10.0; Win64; x64) AppleWebKit/537.36 (KHTML, like Gecko) Chrome/129.0.0.0 Safari/537.36"
66.249.70.169 - - [25/Oct/2024:05:30:13 +0000] "GET /articles/2015/11/20/mounting-recovered-vmdk-files HTTP/1.1" 200 7163 "-" "Mozilla/5.0 (compatible; Googlebot/2.1; +http://www.google.com/bot.html)"
66.249.70.169 - - [25/Oct/2024:05:30:14 +0000] "GET /articles/2015/11/20/mounting-recovered-vmdk-files HTTP/1.1" 200 3391 "-" "Mozilla/5.0 (Linux; Android 6.0.1; Nexus 5X Build/MMB29P) AppleWebKit/537.36 (KHTML, like Gecko) Chrome/99.0.4844.84 Mobile Safari/537.36 (compatible; Googlebot/2.1; +http://www.google.com/bot.html)"
66.249.70.171 - - [25/Oct/2024:05:33:50 +0000] "GET / HTTP/1.1" 200 13570 "-" "Mozilla/5.0 (compatible; Googlebot/2.1; +http://www.google.com/bot.html)"
66.249.70.170 - - [25/Oct/2024:05:35:25 +0000] "GET /images/vmfs_recovery_img_20_1.png HTTP/1.1" 301 608 "-" "Googlebot-Image/1.0"
66.249.70.169 - - [25/Oct/2024:05:35:25 +0000] "GET /images/vmfs_recovery_img_20_1.png HTTP/1.1" 200 20542 "-" "Googlebot-Image/1.0"
34.203.50.75 - - [25/Oct/2024:05:43:36 +0000] "GET / HTTP/1.1" 200 13494 "-" "Mozilla/5.0 (Macintosh; Intel Mac OS X 10_15_7) AppleWebKit/537.36 (KHTML, like Gecko) Chrome/124.0.0.0 Safari/537.36"
20.191.45.212 - - [25/Oct/2024:05:45:36 +0000] "GET / HTTP/1.1" 301 542 "http://vmfsrecover.com/" "DuckDuckBot/1.1; (+http://duckduckgo.com/duckduckbot.html)"
20.191.45.212 - - [25/Oct/2024:05:45:36 +0000] "GET / HTTP/1.1" 200 13554 "https://vmfsrecover.com/" "DuckDuckBot/1.1; (+http://duckduckgo.com/duckduckbot.html)"
20.191.45.212 - - [25/Oct/2024:05:45:36 +0000] "GET /favicon.ico HTTP/1.1" 200 2096 "https://vmfsrecover.com/favicon.ico" "DuckDuckBot/1.1; (+http://duckduckgo.com/duckduckbot.html)"
152.42.241.155 - - [25/Oct/2024:05:46:15 +0000] "GET /tutorials HTTP/2.0" 200 4664 "-" "Mozilla/5.0 (Windows NT 10.0; Win64; x64) AppleWebKit/537.36 (KHTML, like Gecko) Chrome/130.0.0.0 Safari/537.36"
152.42.241.155 - - [25/Oct/2024:05:46:16 +0000] "GET /css/stylesheet.css HTTP/2.0" 200 3792 "https://vmfsrecover.com/tutorials" "Mozilla/5.0 (Windows NT 10.0; Win64; x64) AppleWebKit/537.36 (KHTML, like Gecko) Chrome/130.0.0.0 Safari/537.36"
152.42.241.155 - - [25/Oct/2024:05:46:16 +0000] "GET /js/iepngfix_tilebg.js HTTP/2.0" 200 1869 "https://vmfsrecover.com/tutorials" "Mozilla/5.0 (Windows NT 10.0; Win64; x64) AppleWebKit/537.36 (KHTML, like Gecko) Chrome/130.0.0.0 Safari/537.36"
152.42.241.155 - - [25/Oct/2024:05:46:16 +0000] "GET /img/menu_top.png HTTP/2.0" 200 17917 "https://vmfsrecover.com/css/stylesheet.css" "Mozilla/5.0 (Windows NT 10.0; Win64; x64) AppleWebKit/537.36 (KHTML, like Gecko) Chrome/130.0.0.0 Safari/537.36"
152.42.241.155 - - [25/Oct/2024:05:46:16 +0000] "GET /img/footer.png HTTP/2.0" 200 568 "https://vmfsrecover.com/css/stylesheet.css" "Mozilla/5.0 (Windows NT 10.0; Win64; x64) AppleWebKit/537.36 (KHTML, like Gecko) Chrome/130.0.0.0 Safari/537.36"
152.42.241.155 - - [25/Oct/2024:05:46:18 +0000] "GET /tutorials?redirected=true HTTP/2.0" 200 4239 "https://vmfsrecover.com/tutorials" "Mozilla/5.0 (Windows NT 10.0; Win64; x64) AppleWebKit/537.36 (KHTML, like Gecko) Chrome/130.0.0.0 Safari/537.36"
152.42.241.155 - - [25/Oct/2024:05:46:21 +0000] "GET /favicon.ico HTTP/2.0" 200 1524 "https://vmfsrecover.com/tutorials" "Mozilla/5.0 (Windows NT 10.0; Win64; x64) AppleWebKit/537.36 (KHTML, like Gecko) Chrome/130.0.0.0 Safari/537.36"
152.42.241.155 - - [25/Oct/2024:05:46:29 +0000] "GET /img/menu_top_bg_hover.png HTTP/2.0" 200 927 "https://vmfsrecover.com/css/stylesheet.css" "Mozilla/5.0 (Windows NT 10.0; Win64; x64) AppleWebKit/537.36 (KHTML, like Gecko) Chrome/130.0.0.0 Safari/537.36"
152.42.241.155 - - [25/Oct/2024:05:46:29 +0000] "GET /img/menu_top_lih.png HTTP/2.0" 200 207 "https://vmfsrecover.com/css/stylesheet.css" "Mozilla/5.0 (Windows NT 10.0; Win64; x64) AppleWebKit/537.36 (KHTML, like Gecko) Chrome/130.0.0.0 Safari/537.36"
152.42.241.155 - - [25/Oct/2024:05:46:30 +0000] "GET /download HTTP/2.0" 200 3371 "https://vmfsrecover.com/tutorials" "Mozilla/5.0 (Windows NT 10.0; Win64; x64) AppleWebKit/537.36 (KHTML, like Gecko) Chrome/130.0.0.0 Safari/537.36"
152.42.241.155 - - [25/Oct/2024:05:46:31 +0000] "GET /img/ico/download.png HTTP/2.0" 200 1559 "https://vmfsrecover.com/download" "Mozilla/5.0 (Windows NT 10.0; Win64; x64) AppleWebKit/537.36 (KHTML, like Gecko) Chrome/130.0.0.0 Safari/537.36"
152.42.241.155 - - [25/Oct/2024:05:46:31 +0000] "GET /img/VMFS_icon128.png HTTP/2.0" 200 32110 "https://vmfsrecover.com/download" "Mozilla/5.0 (Windows NT 10.0; Win64; x64) AppleWebKit/537.36 (KHTML, like Gecko) Chrome/130.0.0.0 Safari/537.36"
152.42.241.155 - - [25/Oct/2024:05:46:33 +0000] "GET /blog HTTP/2.0" 200 11332 "https://vmfsrecover.com/tutorials" "Mozilla/5.0 (Windows NT 10.0; Win64; x64) AppleWebKit/537.36 (KHTML, like Gecko) Chrome/130.0.0.0 Safari/537.36"
152.42.241.155 - - [25/Oct/2024:05:46:33 +0000] "GET /images/dc2.png HTTP/2.0" 200 15265 "https://vmfsrecover.com/blog" "Mozilla/5.0 (Windows NT 10.0; Win64; x64) AppleWebKit/537.36 (KHTML, like Gecko) Chrome/130.0.0.0 Safari/537.36"
152.42.241.155 - - [25/Oct/2024:05:46:33 +0000] "GET /images/dc4.png HTTP/2.0" 200 13609 "https://vmfsrecover.com/blog" "Mozilla/5.0 (Windows NT 10.0; Win64; x64) AppleWebKit/537.36 (KHTML, like Gecko) Chrome/130.0.0.0 Safari/537.36"
152.42.241.155 - - [25/Oct/2024:05:46:34 +0000] "GET /img/sparse_vmdk.png HTTP/2.0" 200 23265 "https://vmfsrecover.com/blog" "Mozilla/5.0 (Windows NT 10.0; Win64; x64) AppleWebKit/537.36 (KHTML, like Gecko) Chrome/130.0.0.0 Safari/537.36"
152.42.241.155 - - [25/Oct/2024:05:46:35 +0000] "GET /images/cid-mismatch-err.png HTTP/2.0" 200 118209 "https://vmfsrecover.com/blog" "Mozilla/5.0 (Windows NT 10.0; Win64; x64) AppleWebKit/537.36 (KHTML, like Gecko) Chrome/130.0.0.0 Safari/537.36"
152.42.241.155 - - [25/Oct/2024:05:46:36 +0000] "GET /images/vmfs_recovery_img_17_1.png HTTP/2.0" 200 44953 "https://vmfsrecover.com/blog" "Mozilla/5.0 (Windows NT 10.0; Win64; x64) AppleWebKit/537.36 (KHTML, like Gecko) Chrome/130.0.0.0 Safari/537.36"
152.42.241.155 - - [25/Oct/2024:05:46:37 +0000] "GET /support HTTP/2.0" 200 2665 "https://vmfsrecover.com/tutorials" "Mozilla/5.0 (Windows NT 10.0; Win64; x64) AppleWebKit/537.36 (KHTML, like Gecko) Chrome/130.0.0.0 Safari/537.36"
152.42.241.155 - - [25/Oct/2024:05:46:38 +0000] "GET /js/formPlugin.js HTTP/2.0" 200 1462 "https://vmfsrecover.com/support" "Mozilla/5.0 (Windows NT 10.0; Win64; x64) AppleWebKit/537.36 (KHTML, like Gecko) Chrome/130.0.0.0 Safari/537.36"
152.42.241.155 - - [25/Oct/2024:05:48:45 +0000] "GET /vmfs_recovery.exe HTTP/2.0" 200 22055460 "https://vmfsrecover.com/download" "Mozilla/5.0 (Windows NT 10.0; Win64; x64) AppleWebKit/537.36 (KHTML, like Gecko) Chrome/130.0.0.0 Safari/537.36"
152.42.241.155 - - [25/Oct/2024:05:49:48 +0000] "GET /tutorials/vmfs-recovery-methodology-and-usage HTTP/2.0" 200 3165 "https://vmfsrecover.com/tutorials" "Mozilla/5.0 (Windows NT 10.0; Win64; x64) AppleWebKit/537.36 (KHTML, like Gecko) Chrome/130.0.0.0 Safari/537.36"
152.42.241.155 - - [25/Oct/2024:05:53:06 +0000] "GET /tutorials/running-vmfs-recovery HTTP/2.0" 200 4872 "https://vmfsrecover.com/tutorials/vmfs-recovery-methodology-and-usage" "Mozilla/5.0 (Windows NT 10.0; Win64; x64) AppleWebKit/537.36 (KHTML, like Gecko) Chrome/130.0.0.0 Safari/537.36"
152.42.241.155 - - [25/Oct/2024:05:53:06 +0000] "GET /img/esx_local_connection.png HTTP/2.0" 200 7964 "https://vmfsrecover.com/tutorials/running-vmfs-recovery" "Mozilla/5.0 (Windows NT 10.0; Win64; x64) AppleWebKit/537.36 (KHTML, like Gecko) Chrome/130.0.0.0 Safari/537.36"
152.42.241.155 - - [25/Oct/2024:05:53:06 +0000] "GET /img/ssh_connection.png HTTP/2.0" 200 9031 "https://vmfsrecover.com/tutorials/running-vmfs-recovery" "Mozilla/5.0 (Windows NT 10.0; Win64; x64) AppleWebKit/537.36 (KHTML, like Gecko) Chrome/130.0.0.0 Safari/537.36"
152.42.241.155 - - [25/Oct/2024:05:53:06 +0000] "GET /tutorials/opening-a-disk HTTP/2.0" 200 2975 "https://vmfsrecover.com/tutorials/vmfs-recovery-methodology-and-usage" "Mozilla/5.0 (Windows NT 10.0; Win64; x64) AppleWebKit/537.36 (KHTML, like Gecko) Chrome/130.0.0.0 Safari/537.36"
152.42.241.155 - - [25/Oct/2024:05:53:07 +0000] "GET /img/rdm_connection.png HTTP/2.0" 200 6929 "https://vmfsrecover.com/tutorials/running-vmfs-recovery" "Mozilla/5.0 (Windows NT 10.0; Win64; x64) AppleWebKit/537.36 (KHTML, like Gecko) Chrome/130.0.0.0 Safari/537.36"
152.42.241.155 - - [25/Oct/2024:05:53:07 +0000] "GET /img/disk-recovery-wizard.png HTTP/2.0" 200 22758 "https://vmfsrecover.com/tutorials/opening-a-disk" "Mozilla/5.0 (Windows NT 10.0; Win64; x64) AppleWebKit/537.36 (KHTML, like Gecko) Chrome/130.0.0.0 Safari/537.36"
152.42.241.155 - - [25/Oct/2024:05:53:07 +0000] "GET /img/disk-recovery-wizard_power_search.png HTTP/2.0" 200 25101 "https://vmfsrecover.com/tutorials/opening-a-disk" "Mozilla/5.0 (Windows NT 10.0; Win64; x64) AppleWebKit/537.36 (KHTML, like Gecko) Chrome/130.0.0.0 Safari/537.36"
152.42.241.155 - - [25/Oct/2024:05:53:07 +0000] "GET /img/recover-more-files-button.png HTTP/2.0" 200 28648 "https://vmfsrecover.com/tutorials/opening-a-disk" "Mozilla/5.0 (Windows NT 10.0; Win64; x64) AppleWebKit/537.36 (KHTML, like Gecko) Chrome/130.0.0.0 Safari/537.36"
152.42.241.155 - - [25/Oct/2024:05:53:08 +0000] "GET /tutorials/file-systems-peculiarities HTTP/2.0" 200 4805 "https://vmfsrecover.com/tutorials/vmfs-recovery-methodology-and-usage" "Mozilla/5.0 (Windows NT 10.0; Win64; x64) AppleWebKit/537.36 (KHTML, like Gecko) Chrome/130.0.0.0 Safari/537.36"
152.42.241.155 - - [25/Oct/2024:05:53:08 +0000] "GET /img/vmfs6.png HTTP/2.0" 200 8551 "https://vmfsrecover.com/tutorials/file-systems-peculiarities" "Mozilla/5.0 (Windows NT 10.0; Win64; x64) AppleWebKit/537.36 (KHTML, like Gecko) Chrome/130.0.0.0 Safari/537.36"
152.42.241.155 - - [25/Oct/2024:05:53:08 +0000] "GET /img/vmfs5.png HTTP/2.0" 200 4532 "https://vmfsrecover.com/tutorials/file-systems-peculiarities" "Mozilla/5.0 (Windows NT 10.0; Win64; x64) AppleWebKit/537.36 (KHTML, like Gecko) Chrome/130.0.0.0 Safari/537.36"
152.42.241.155 - - [25/Oct/2024:05:53:08 +0000] "GET /img/mount_vmdk_with_snapshots.png HTTP/2.0" 200 76581 "https://vmfsrecover.com/tutorials/file-systems-peculiarities" "Mozilla/5.0 (Windows NT 10.0; Win64; x64) AppleWebKit/537.36 (KHTML, like Gecko) Chrome/130.0.0.0 Safari/537.36"
152.42.241.155 - - [25/Oct/2024:05:53:09 +0000] "GET /articles/2015/11/20/mounting-recovered-vmdk-files HTTP/2.0" 200 2616 "https://vmfsrecover.com/tutorials/vmfs-recovery-methodology-and-usage" "Mozilla/5.0 (Windows NT 10.0; Win64; x64) AppleWebKit/537.36 (KHTML, like Gecko) Chrome/130.0.0.0 Safari/537.36"
152.42.241.155 - - [25/Oct/2024:05:53:09 +0000] "GET /img/mount_vmdk1.png HTTP/2.0" 200 72837 "https://vmfsrecover.com/articles/2015/11/20/mounting-recovered-vmdk-files" "Mozilla/5.0 (Windows NT 10.0; Win64; x64) AppleWebKit/537.36 (KHTML, like Gecko) Chrome/130.0.0.0 Safari/537.36"
152.42.241.155 - - [25/Oct/2024:05:53:09 +0000] "GET /img/mount-vmdk3.png HTTP/2.0" 200 7399 "https://vmfsrecover.com/articles/2015/11/20/mounting-recovered-vmdk-files" "Mozilla/5.0 (Windows NT 10.0; Win64; x64) AppleWebKit/537.36 (KHTML, like Gecko) Chrome/130.0.0.0 Safari/537.36"
152.42.241.155 - - [25/Oct/2024:05:53:10 +0000] "GET /img/mount%20vmdk2.png HTTP/2.0" 200 51172 "https://vmfsrecover.com/articles/2015/11/20/mounting-recovered-vmdk-files" "Mozilla/5.0 (Windows NT 10.0; Win64; x64) AppleWebKit/537.36 (KHTML, like Gecko) Chrome/130.0.0.0 Safari/537.36"
152.42.241.155 - - [25/Oct/2024:05:53:10 +0000] "GET /img/drive-menu.png HTTP/2.0" 200 13056 "https://vmfsrecover.com/tutorials/running-vmfs-recovery" "Mozilla/5.0 (Windows NT 10.0; Win64; x64) AppleWebKit/537.36 (KHTML, like Gecko) Chrome/130.0.0.0 Safari/537.36"
152.42.241.155 - - [25/Oct/2024:05:53:10 +0000] "GET /img/disk_list_details.png HTTP/2.0" 200 22418 "https://vmfsrecover.com/tutorials/running-vmfs-recovery" "Mozilla/5.0 (Windows NT 10.0; Win64; x64) AppleWebKit/537.36 (KHTML, like Gecko) Chrome/130.0.0.0 Safari/537.36"
152.42.241.155 - - [25/Oct/2024:05:53:10 +0000] "GET /img/mounted_vmdk_with_snapshots.png HTTP/2.0" 200 59966 "https://vmfsrecover.com/tutorials/file-systems-peculiarities" "Mozilla/5.0 (Windows NT 10.0; Win64; x64) AppleWebKit/537.36 (KHTML, like Gecko) Chrome/130.0.0.0 Safari/537.36"
152.42.241.155 - - [25/Oct/2024:05:53:11 +0000] "GET /tutorials/saving-recovered-data HTTP/2.0" 200 3546 "https://vmfsrecover.com/tutorials/vmfs-recovery-methodology-and-usage" "Mozilla/5.0 (Windows NT 10.0; Win64; x64) AppleWebKit/537.36 (KHTML, like Gecko) Chrome/130.0.0.0 Safari/537.36"
152.42.241.155 - - [25/Oct/2024:05:53:11 +0000] "GET /img/saving_selected_data.png HTTP/2.0" 200 31528 "https://vmfsrecover.com/tutorials/saving-recovered-data" "Mozilla/5.0 (Windows NT 10.0; Win64; x64) AppleWebKit/537.36 (KHTML, like Gecko) Chrome/130.0.0.0 Safari/537.36"
152.42.241.155 - - [25/Oct/2024:05:53:11 +0000] "GET /img/export-wizard.png HTTP/2.0" 200 6601 "https://vmfsrecover.com/tutorials/saving-recovered-data" "Mozilla/5.0 (Windows NT 10.0; Win64; x64) AppleWebKit/537.36 (KHTML, like Gecko) Chrome/130.0.0.0 Safari/537.36"
152.42.241.155 - - [25/Oct/2024:05:53:12 +0000] "GET /img/virtual_disk_mount_to_system_as_local_drive.PNG HTTP/2.0" 200 13553 "https://vmfsrecover.com/tutorials/saving-recovered-data" "Mozilla/5.0 (Windows NT 10.0; Win64; x64) AppleWebKit/537.36 (KHTML, like Gecko) Chrome/130.0.0.0 Safari/537.36"
152.42.241.155 - - [25/Oct/2024:05:53:12 +0000] "GET /img/virtual_disk_mounted_to_system_as_local_drive.PNG HTTP/2.0" 200 17255 "https://vmfsrecover.com/tutorials/saving-recovered-data" "Mozilla/5.0 (Windows NT 10.0; Win64; x64) AppleWebKit/537.36 (KHTML, like Gecko) Chrome/130.0.0.0 Safari/537.36"
152.42.241.155 - - [25/Oct/2024:05:53:15 +0000] "GET /img/file_that_represents_a_disk_image.PNG HTTP/2.0" 200 39994 "https://vmfsrecover.com/tutorials/saving-recovered-data" "Mozilla/5.0 (Windows NT 10.0; Win64; x64) AppleWebKit/537.36 (KHTML, like Gecko) Chrome/130.0.0.0 Safari/537.36"
152.42.241.155 - - [25/Oct/2024:05:53:15 +0000] "GET /img/export-ftp.png HTTP/2.0" 200 7446 "https://vmfsrecover.com/tutorials/saving-recovered-data" "Mozilla/5.0 (Windows NT 10.0; Win64; x64) AppleWebKit/537.36 (KHTML, like Gecko) Chrome/130.0.0.0 Safari/537.36"
121.229.156.25 - - [25/Oct/2024:05:53:18 +0000] "GET / HTTP/1.1" 200 33525 "-" "Sogou web spider/4.0(+http://www.sogou.com/docs/help/webmasters.htm#07)"
205.169.39.3 - - [25/Oct/2024:05:53:51 +0000] "GET / HTTP/1.1" 301 486 "-" "Mozilla/5.0 (Windows NT 10.0) AppleWebKit/537.36 (KHTML, like Gecko) Chrome/106.0.0.0 Safari/537.36"
205.169.39.3 - - [25/Oct/2024:05:53:52 +0000] "GET / HTTP/1.1" 200 13494 "http://vmfsrecover.com" "Mozilla/5.0 (Windows NT 10.0) AppleWebKit/537.36 (KHTML, like Gecko) Chrome/106.0.0.0 Safari/537.36"
51.222.253.2 - - [25/Oct/2024:05:54:09 +0000] "GET /articles/vmware-information-recovery HTTP/2.0" 200 3743 "-" "Mozilla/5.0 (compatible; AhrefsBot/7.0; +http://ahrefs.com/robot/)"
